// Jest Snapshot v1, https://goo.gl/fbAQLP

exports[`NavLink renders correctly 1`] = `
<NavLink
  activeNavTab=""
  dispatch={[Function]}
/>
`;
